{"files"=>{"DEMO"=>"demo", "DEMO_SCRIPT_TEMPLATE"=>"demo", "DEMO_SUPPORT"=>"demo_support"}, "contents"=>{"demo_script_name"=>"Demo", "demo_support_name"=>"DemoSupport"}}